******************************************************************************
                  MSP430 Linker PC v18.12.4                    
******************************************************************************
>> Linked Mon Oct 12 22:30:12 2020

OUTPUT FILE NAME:   <trabalho_delay_wdt.out>
ENTRY POINT SYMBOL: "_c_int00_noargs"  address: 0000e696


MEMORY CONFIGURATION

         name            origin    length      used     unused   attr    fill
----------------------  --------  ---------  --------  --------  ----  --------
  SFR                   00000000   00000010  00000000  00000010  RWIX
  PERIPHERALS_8BIT      00000010   000000f0  00000000  000000f0  RWIX
  PERIPHERALS_16BIT     00000100   00000100  00000000  00000100  RWIX
  RAM                   00000200   00000200  00000052  000001ae  RWIX
  INFOD                 00001000   00000040  00000000  00000040  RWIX
  INFOC                 00001040   00000040  00000000  00000040  RWIX
  INFOB                 00001080   00000040  00000000  00000040  RWIX
  INFOA                 000010c0   00000040  00000000  00000040  RWIX
  FLASH                 0000e000   00001fde  000007d6  00001808  RWIX
  BSLSIGNATURE          0000ffde   00000002  00000002  00000000  RWIX  ffff 
  INT00                 0000ffe0   00000002  00000000  00000002  RWIX
  INT01                 0000ffe2   00000002  00000000  00000002  RWIX
  INT02                 0000ffe4   00000002  00000002  00000000  RWIX
  INT03                 0000ffe6   00000002  00000002  00000000  RWIX
  INT04                 0000ffe8   00000002  00000000  00000002  RWIX
  INT05                 0000ffea   00000002  00000002  00000000  RWIX
  INT06                 0000ffec   00000002  00000002  00000000  RWIX
  INT07                 0000ffee   00000002  00000002  00000000  RWIX
  INT08                 0000fff0   00000002  00000002  00000000  RWIX
  INT09                 0000fff2   00000002  00000002  00000000  RWIX
  INT10                 0000fff4   00000002  00000002  00000000  RWIX
  INT11                 0000fff6   00000002  00000002  00000000  RWIX
  INT12                 0000fff8   00000002  00000002  00000000  RWIX
  INT13                 0000fffa   00000002  00000002  00000000  RWIX
  INT14                 0000fffc   00000002  00000002  00000000  RWIX
  RESET                 0000fffe   00000002  00000002  00000000  RWIX


SECTION ALLOCATION MAP

 output                                  attributes/
section   page    origin      length       input sections
--------  ----  ----------  ----------   ----------------
.data      0    00000200    00000002     UNINITIALIZED
                  00000200    00000002     delay_wdt.obj (.data)

.stack     0    000003b0    00000050     UNINITIALIZED
                  000003b0    00000002     rts430_eabi.lib : boot.c.obj (.stack)
                  000003b2    0000004e     --HOLE--

.text      0    0000e000    0000079e     
                  0000e000    00000116     rts430_eabi.lib : _printfi_min.c.obj (.text:_setfield)
                  0000e116    000000ec                     : _printfi_min.c.obj (.text:__TI_printfi_minimal)
                  0000e202    000000e0     lcd.obj (.text:lcd_init_4bits)
                  0000e2e2    000000ca     rts430_eabi.lib : _printfi_min.c.obj (.text:_pproc_diouxp)
                  0000e3ac    0000007c                     : copy_decompress_lzss.c.obj (.text:decompress:lzss:__TI_decompress_lzss)
                  0000e428    00000076     lcd.obj (.text:lcd_send_data)
                  0000e49e    00000076     main.obj (.text:main)
                  0000e514    00000056     rts430_eabi.lib : snprintf.c.obj (.text:snprintf)
                  0000e56a    0000004c                     : lsr16.asm.obj (.text)
                  0000e5b6    00000042                     : autoinit.c.obj (.text:__TI_auto_init_nobinit_nopinit:__TI_auto_init_nobinit_nopinit)
                  0000e5f8    00000036                     : snprintf.c.obj (.text:_outs)
                  0000e62e    0000002c                     : lsl16.asm.obj (.text)
                  0000e65a    0000001e                     : snprintf.c.obj (.text:_outc)
                  0000e678    0000001e     delay_wdt.obj (.text:delay_wdt_isr)
                  0000e696    0000001c     rts430_eabi.lib : boot.c.obj (.text:_c_int00_noargs)
                  0000e6b2    0000001a     lcd.obj (.text:lcd_write_string)
                  0000e6cc    0000001a     rts430_eabi.lib : memccpy.c.obj (.text:memccpy)
                  0000e6e6    00000016                     : div16u.asm.obj (.text)
                  0000e6fc    00000014                     : memset.c.obj (.text:memset)
                  0000e710    00000014                     : mult16.asm.obj (.text)
                  0000e724    00000012     delay_wdt.obj (.text:__delay_wdt_ms)
                  0000e736    00000012     rts430_eabi.lib : copy_decompress_none.c.obj (.text:decompress:none:__TI_decompress_none)
                  0000e748    00000012     delay_wdt.obj (.text:init_watchdog_timer)
                  0000e75a    00000012     rts430_eabi.lib : memcpy.c.obj (.text:memcpy)
                  0000e76c    00000010                     : epilog.asm.obj (.text)
                  0000e77c    0000000e                     : strlen.c.obj (.text:strlen)
                  0000e78a    00000008                     : isr_trap.asm.obj (.text:_isr:__TI_ISR_TRAP)
                  0000e792    00000006                     : exit.c.obj (.text:abort)
                  0000e798    00000004                     : pre_init.c.obj (.text:_system_pre_init)
                  0000e79c    00000002                     : startup.c.obj (.text:_system_post_cinit)

.const     0    0000e79e    0000002a     
                  0000e79e    00000016     main.obj (.const:.string)
                  0000e7b4    00000014     rts430_eabi.lib : _printfi_min.c.obj (.const:.string)

.cinit     0    0000e7c8    0000000e     
                  0000e7c8    00000006     (.cinit..data.load) [load image]
                  0000e7ce    00000004     (__TI_handler_table)
                  0000e7d2    00000004     (__TI_cinit_table)

.binit     0    0000e000    00000000     

.init_array 
*          0    0000e000    00000000     UNINITIALIZED

PORT1      0    0000ffe4    00000002     
                  0000ffe4    00000002     rts430_eabi.lib : int02.asm.obj (.int02)

PORT2      0    0000ffe6    00000002     
                  0000ffe6    00000002     rts430_eabi.lib : int03.asm.obj (.int03)

ADC10      0    0000ffea    00000002     
                  0000ffea    00000002     rts430_eabi.lib : int05.asm.obj (.int05)

USCIAB0TX 
*          0    0000ffec    00000002     
                  0000ffec    00000002     rts430_eabi.lib : int06.asm.obj (.int06)

USCIAB0RX 
*          0    0000ffee    00000002     
                  0000ffee    00000002     rts430_eabi.lib : int07.asm.obj (.int07)

TIMER0_A1 
*          0    0000fff0    00000002     
                  0000fff0    00000002     rts430_eabi.lib : int08.asm.obj (.int08)

TIMER0_A0 
*          0    0000fff2    00000002     
                  0000fff2    00000002     rts430_eabi.lib : int09.asm.obj (.int09)

WDT        0    0000fff4    00000002     
                  0000fff4    00000002     delay_wdt.obj (.int10)

COMPARATORA 
*          0    0000fff6    00000002     
                  0000fff6    00000002     rts430_eabi.lib : int11.asm.obj (.int11)

TIMER1_A1 
*          0    0000fff8    00000002     
                  0000fff8    00000002     rts430_eabi.lib : int12.asm.obj (.int12)

TIMER1_A0 
*          0    0000fffa    00000002     
                  0000fffa    00000002     rts430_eabi.lib : int13.asm.obj (.int13)

NMI        0    0000fffc    00000002     
                  0000fffc    00000002     rts430_eabi.lib : int14.asm.obj (.int14)

.reset     0    0000fffe    00000002     
                  0000fffe    00000002     rts430_eabi.lib : boot.c.obj (.reset)

$fill000   0    0000ffde    00000002     
                  0000ffde    00000002     --HOLE-- [fill = ffff]

MODULE SUMMARY

       Module                       code   ro data   rw data
       ------                       ----   -------   -------
    .\
       main.obj                     118    22        0      
    +--+----------------------------+------+---------+---------+
       Total:                       118    22        0      
                                                            
    .\jonas\
       lcd.obj                      368    0         0      
       delay_wdt.obj                66     2         2      
    +--+----------------------------+------+---------+---------+
       Total:                       434    2         2      
                                                            
    C:\Development\CCS930\ccs\tools\compiler\ti-cgt-msp430_18.12.4.LTS\lib\rts430_eabi.lib
       _printfi_min.c.obj           716    20        0      
       snprintf.c.obj               170    0         0      
       copy_decompress_lzss.c.obj   124    0         0      
       lsr16.asm.obj                76     0         0      
       autoinit.c.obj               66     0         0      
       lsl16.asm.obj                44     0         0      
       boot.c.obj                   28     2         0      
       memccpy.c.obj                26     0         0      
       div16u.asm.obj               22     0         0      
       memset.c.obj                 20     0         0      
       mult16.asm.obj               20     0         0      
       copy_decompress_none.c.obj   18     0         0      
       memcpy.c.obj                 18     0         0      
       epilog.asm.obj               16     0         0      
       strlen.c.obj                 14     0         0      
       isr_trap.asm.obj             8      0         0      
       exit.c.obj                   6      0         0      
       pre_init.c.obj               4      0         0      
       int02.asm.obj                0      2         0      
       int03.asm.obj                0      2         0      
       int05.asm.obj                0      2         0      
       int06.asm.obj                0      2         0      
       int07.asm.obj                0      2         0      
       int08.asm.obj                0      2         0      
       int09.asm.obj                0      2         0      
       int11.asm.obj                0      2         0      
       int12.asm.obj                0      2         0      
       int13.asm.obj                0      2         0      
       int14.asm.obj                0      2         0      
       startup.c.obj                2      0         0      
    +--+----------------------------+------+---------+---------+
       Total:                       1398   44        0      
                                                            
       Stack:                       0      0         80     
       Linker Generated:            0      14        0      
    +--+----------------------------+------+---------+---------+
       Grand Total:                 1950   82        82     


LINKER GENERATED COPY TABLES

__TI_cinit_table @ 0000e7d2 records: 1, size/record: 4, table size: 4
	.data: load addr=0000e7c8, load size=00000006 bytes, run addr=00000200, run size=00000002 bytes, compression=copy


LINKER GENERATED HANDLER TABLE

__TI_handler_table @ 0000e7ce records: 2, size/record: 2, table size: 4
	index: 0, handler: __TI_decompress_lzss
	index: 1, handler: __TI_decompress_none


GLOBAL SYMBOLS: SORTED ALPHABETICALLY BY Name 

address   name                          
-------   ----                          
0000004a  ADC10AE0                      
0000004b  ADC10AE1                      
000001b0  ADC10CTL0                     
000001b2  ADC10CTL1                     
00000048  ADC10DTC0                     
00000049  ADC10DTC1                     
000001b4  ADC10MEM                      
000001bc  ADC10SA                       
00000057  BCSCTL1                       
00000058  BCSCTL2                       
00000053  BCSCTL3                       
0000e792  C$$EXIT                       
00000059  CACTL1                        
0000005a  CACTL2                        
000010fb  CALBC1_12MHZ                  
000010f9  CALBC1_16MHZ                  
000010ff  CALBC1_1MHZ                   
000010fd  CALBC1_8MHZ                   
000010fa  CALDCO_12MHZ                  
000010f8  CALDCO_16MHZ                  
000010fe  CALDCO_1MHZ                   
000010fc  CALDCO_8MHZ                   
0000005b  CAPD                          
00000056  DCOCTL                        
00000128  FCTL1                         
0000012a  FCTL2                         
0000012c  FCTL3                         
00000000  IE1                           
00000001  IE2                           
00000002  IFG1                          
00000003  IFG2                          
00000022  P1DIR                         
00000025  P1IE                          
00000024  P1IES                         
00000023  P1IFG                         
00000020  P1IN                          
00000021  P1OUT                         
00000027  P1REN                         
00000026  P1SEL                         
00000041  P1SEL2                        
0000002a  P2DIR                         
0000002d  P2IE                          
0000002c  P2IES                         
0000002b  P2IFG                         
00000028  P2IN                          
00000029  P2OUT                         
0000002f  P2REN                         
0000002e  P2SEL                         
00000042  P2SEL2                        
0000001a  P3DIR                         
00000018  P3IN                          
00000019  P3OUT                         
00000010  P3REN                         
0000001b  P3SEL                         
00000172  TA0CCR0                       
00000174  TA0CCR1                       
00000176  TA0CCR2                       
00000162  TA0CCTL0                      
00000164  TA0CCTL1                      
00000166  TA0CCTL2                      
00000160  TA0CTL                        
0000012e  TA0IV                         
00000170  TA0R                          
00000192  TA1CCR0                       
00000194  TA1CCR1                       
00000182  TA1CCTL0                      
00000184  TA1CCTL1                      
00000180  TA1CTL                        
0000011e  TA1IV                         
00000190  TA1R                          
000010db  TLV_ADC10_1_LEN               
000010da  TLV_ADC10_1_TAG               
000010c0  TLV_CHECKSUM                  
000010f7  TLV_DCO_30_LEN                
000010f6  TLV_DCO_30_TAG                
0000005d  UCA0ABCTL                     
00000062  UCA0BR0                       
00000063  UCA0BR1                       
00000060  UCA0CTL0                      
00000061  UCA0CTL1                      
0000005f  UCA0IRRCTL                    
0000005e  UCA0IRTCTL                    
00000064  UCA0MCTL                      
00000066  UCA0RXBUF                     
00000065  UCA0STAT                      
00000067  UCA0TXBUF                     
0000006a  UCB0BR0                       
0000006b  UCB0BR1                       
00000068  UCB0CTL0                      
00000069  UCB0CTL1                      
0000006c  UCB0I2CIE                     
00000118  UCB0I2COA                     
0000011a  UCB0I2CSA                     
0000006e  UCB0RXBUF                     
0000006d  UCB0STAT                      
0000006f  UCB0TXBUF                     
00000120  WDTCTL                        
00000400  __STACK_END                   
00000050  __STACK_SIZE                  
0000e7d2  __TI_CINIT_Base               
0000e7d6  __TI_CINIT_Limit              
0000e7ce  __TI_Handler_Table_Base       
0000e7d2  __TI_Handler_Table_Limit      
0000e78a  __TI_ISR_TRAP                 
0000e5b6  __TI_auto_init_nobinit_nopinit
0000e3ac  __TI_decompress_lzss          
0000e736  __TI_decompress_none          
0000ffe4  __TI_int02                    
0000ffe6  __TI_int03                    
0000ffea  __TI_int05                    
0000ffec  __TI_int06                    
0000ffee  __TI_int07                    
0000fff0  __TI_int08                    
0000fff2  __TI_int09                    
0000fff4  __TI_int10                    
0000fff6  __TI_int11                    
0000fff8  __TI_int12                    
0000fffa  __TI_int13                    
0000fffc  __TI_int14                    
ffffffff  __TI_pprof_out_hndl           
0000e116  __TI_printfi_minimal          
ffffffff  __TI_prof_data_size           
ffffffff  __TI_prof_data_start          
ffffffff  __c_args__                    
0000e724  __delay_wdt_ms                
0000e6e6  __mspabi_divu                 
0000e778  __mspabi_func_epilog_1        
0000e776  __mspabi_func_epilog_2        
0000e774  __mspabi_func_epilog_3        
0000e772  __mspabi_func_epilog_4        
0000e770  __mspabi_func_epilog_5        
0000e76e  __mspabi_func_epilog_6        
0000e76c  __mspabi_func_epilog_7        
0000e710  __mspabi_mpyi                 
0000e710  __mspabi_mpyi_sw              
0000e6e6  __mspabi_remu                 
0000e62e  __mspabi_slli                 
0000e656  __mspabi_slli_1               
0000e644  __mspabi_slli_10              
0000e642  __mspabi_slli_11              
0000e640  __mspabi_slli_12              
0000e63e  __mspabi_slli_13              
0000e63c  __mspabi_slli_14              
0000e63a  __mspabi_slli_15              
0000e654  __mspabi_slli_2               
0000e652  __mspabi_slli_3               
0000e650  __mspabi_slli_4               
0000e64e  __mspabi_slli_5               
0000e64c  __mspabi_slli_6               
0000e64a  __mspabi_slli_7               
0000e648  __mspabi_slli_8               
0000e646  __mspabi_slli_9               
0000e56a  __mspabi_srli                 
0000e5b0  __mspabi_srli_1               
0000e58c  __mspabi_srli_10              
0000e588  __mspabi_srli_11              
0000e584  __mspabi_srli_12              
0000e580  __mspabi_srli_13              
0000e57c  __mspabi_srli_14              
0000e578  __mspabi_srli_15              
0000e5ac  __mspabi_srli_2               
0000e5a8  __mspabi_srli_3               
0000e5a4  __mspabi_srli_4               
0000e5a0  __mspabi_srli_5               
0000e59c  __mspabi_srli_6               
0000e598  __mspabi_srli_7               
0000e594  __mspabi_srli_8               
0000e590  __mspabi_srli_9               
0000e696  _c_int00_noargs               
0000fffe  _reset_vector                 
000003b0  _stack                        
0000e79c  _system_post_cinit            
0000e798  _system_pre_init              
0000e792  abort                         
0000e678  delay_wdt_isr                 
0000e748  init_watchdog_timer           
0000e202  lcd_init_4bits                
0000e428  lcd_send_data                 
0000e6b2  lcd_write_string              
0000e49e  main                          
0000e6cc  memccpy                       
0000e75a  memcpy                        
0000e6fc  memset                        
00000200  remainig_millis               
0000e514  snprintf                      
0000e77c  strlen                        


GLOBAL SYMBOLS: SORTED BY Symbol Address 

address   name                          
-------   ----                          
00000000  IE1                           
00000001  IE2                           
00000002  IFG1                          
00000003  IFG2                          
00000010  P3REN                         
00000018  P3IN                          
00000019  P3OUT                         
0000001a  P3DIR                         
0000001b  P3SEL                         
00000020  P1IN                          
00000021  P1OUT                         
00000022  P1DIR                         
00000023  P1IFG                         
00000024  P1IES                         
00000025  P1IE                          
00000026  P1SEL                         
00000027  P1REN                         
00000028  P2IN                          
00000029  P2OUT                         
0000002a  P2DIR                         
0000002b  P2IFG                         
0000002c  P2IES                         
0000002d  P2IE                          
0000002e  P2SEL                         
0000002f  P2REN                         
00000041  P1SEL2                        
00000042  P2SEL2                        
00000048  ADC10DTC0                     
00000049  ADC10DTC1                     
0000004a  ADC10AE0                      
0000004b  ADC10AE1                      
00000050  __STACK_SIZE                  
00000053  BCSCTL3                       
00000056  DCOCTL                        
00000057  BCSCTL1                       
00000058  BCSCTL2                       
00000059  CACTL1                        
0000005a  CACTL2                        
0000005b  CAPD                          
0000005d  UCA0ABCTL                     
0000005e  UCA0IRTCTL                    
0000005f  UCA0IRRCTL                    
00000060  UCA0CTL0                      
00000061  UCA0CTL1                      
00000062  UCA0BR0                       
00000063  UCA0BR1                       
00000064  UCA0MCTL                      
00000065  UCA0STAT                      
00000066  UCA0RXBUF                     
00000067  UCA0TXBUF                     
00000068  UCB0CTL0                      
00000069  UCB0CTL1                      
0000006a  UCB0BR0                       
0000006b  UCB0BR1                       
0000006c  UCB0I2CIE                     
0000006d  UCB0STAT                      
0000006e  UCB0RXBUF                     
0000006f  UCB0TXBUF                     
00000118  UCB0I2COA                     
0000011a  UCB0I2CSA                     
0000011e  TA1IV                         
00000120  WDTCTL                        
00000128  FCTL1                         
0000012a  FCTL2                         
0000012c  FCTL3                         
0000012e  TA0IV                         
00000160  TA0CTL                        
00000162  TA0CCTL0                      
00000164  TA0CCTL1                      
00000166  TA0CCTL2                      
00000170  TA0R                          
00000172  TA0CCR0                       
00000174  TA0CCR1                       
00000176  TA0CCR2                       
00000180  TA1CTL                        
00000182  TA1CCTL0                      
00000184  TA1CCTL1                      
00000190  TA1R                          
00000192  TA1CCR0                       
00000194  TA1CCR1                       
000001b0  ADC10CTL0                     
000001b2  ADC10CTL1                     
000001b4  ADC10MEM                      
000001bc  ADC10SA                       
00000200  remainig_millis               
000003b0  _stack                        
00000400  __STACK_END                   
000010c0  TLV_CHECKSUM                  
000010da  TLV_ADC10_1_TAG               
000010db  TLV_ADC10_1_LEN               
000010f6  TLV_DCO_30_TAG                
000010f7  TLV_DCO_30_LEN                
000010f8  CALDCO_16MHZ                  
000010f9  CALBC1_16MHZ                  
000010fa  CALDCO_12MHZ                  
000010fb  CALBC1_12MHZ                  
000010fc  CALDCO_8MHZ                   
000010fd  CALBC1_8MHZ                   
000010fe  CALDCO_1MHZ                   
000010ff  CALBC1_1MHZ                   
0000e116  __TI_printfi_minimal          
0000e202  lcd_init_4bits                
0000e3ac  __TI_decompress_lzss          
0000e428  lcd_send_data                 
0000e49e  main                          
0000e514  snprintf                      
0000e56a  __mspabi_srli                 
0000e578  __mspabi_srli_15              
0000e57c  __mspabi_srli_14              
0000e580  __mspabi_srli_13              
0000e584  __mspabi_srli_12              
0000e588  __mspabi_srli_11              
0000e58c  __mspabi_srli_10              
0000e590  __mspabi_srli_9               
0000e594  __mspabi_srli_8               
0000e598  __mspabi_srli_7               
0000e59c  __mspabi_srli_6               
0000e5a0  __mspabi_srli_5               
0000e5a4  __mspabi_srli_4               
0000e5a8  __mspabi_srli_3               
0000e5ac  __mspabi_srli_2               
0000e5b0  __mspabi_srli_1               
0000e5b6  __TI_auto_init_nobinit_nopinit
0000e62e  __mspabi_slli                 
0000e63a  __mspabi_slli_15              
0000e63c  __mspabi_slli_14              
0000e63e  __mspabi_slli_13              
0000e640  __mspabi_slli_12              
0000e642  __mspabi_slli_11              
0000e644  __mspabi_slli_10              
0000e646  __mspabi_slli_9               
0000e648  __mspabi_slli_8               
0000e64a  __mspabi_slli_7               
0000e64c  __mspabi_slli_6               
0000e64e  __mspabi_slli_5               
0000e650  __mspabi_slli_4               
0000e652  __mspabi_slli_3               
0000e654  __mspabi_slli_2               
0000e656  __mspabi_slli_1               
0000e678  delay_wdt_isr                 
0000e696  _c_int00_noargs               
0000e6b2  lcd_write_string              
0000e6cc  memccpy                       
0000e6e6  __mspabi_divu                 
0000e6e6  __mspabi_remu                 
0000e6fc  memset                        
0000e710  __mspabi_mpyi                 
0000e710  __mspabi_mpyi_sw              
0000e724  __delay_wdt_ms                
0000e736  __TI_decompress_none          
0000e748  init_watchdog_timer           
0000e75a  memcpy                        
0000e76c  __mspabi_func_epilog_7        
0000e76e  __mspabi_func_epilog_6        
0000e770  __mspabi_func_epilog_5        
0000e772  __mspabi_func_epilog_4        
0000e774  __mspabi_func_epilog_3        
0000e776  __mspabi_func_epilog_2        
0000e778  __mspabi_func_epilog_1        
0000e77c  strlen                        
0000e78a  __TI_ISR_TRAP                 
0000e792  C$$EXIT                       
0000e792  abort                         
0000e798  _system_pre_init              
0000e79c  _system_post_cinit            
0000e7ce  __TI_Handler_Table_Base       
0000e7d2  __TI_CINIT_Base               
0000e7d2  __TI_Handler_Table_Limit      
0000e7d6  __TI_CINIT_Limit              
0000ffe4  __TI_int02                    
0000ffe6  __TI_int03                    
0000ffea  __TI_int05                    
0000ffec  __TI_int06                    
0000ffee  __TI_int07                    
0000fff0  __TI_int08                    
0000fff2  __TI_int09                    
0000fff4  __TI_int10                    
0000fff6  __TI_int11                    
0000fff8  __TI_int12                    
0000fffa  __TI_int13                    
0000fffc  __TI_int14                    
0000fffe  _reset_vector                 
ffffffff  __TI_pprof_out_hndl           
ffffffff  __TI_prof_data_size           
ffffffff  __TI_prof_data_start          
ffffffff  __c_args__                    

[186 symbols]
