******************************************************************************
                  MSP430 Linker PC v18.12.4                    
******************************************************************************
>> Linked Wed Aug 19 01:11:17 2020

OUTPUT FILE NAME:   <trabalho_relogio_lcd.out>
ENTRY POINT SYMBOL: "_c_int00_noargs"  address: 0000f538


MEMORY CONFIGURATION

         name            origin    length      used     unused   attr    fill
----------------------  --------  ---------  --------  --------  ----  --------
  SFR                   00000000   00000010  00000000  00000010  RWIX
  PERIPHERALS_8BIT      00000010   000000f0  00000000  000000f0  RWIX
  PERIPHERALS_16BIT     00000100   00000100  00000000  00000100  RWIX
  RAM                   00000200   00000200  00000057  000001a9  RWIX
  INFOD                 00001000   00000040  00000000  00000040  RWIX
  INFOC                 00001040   00000040  00000000  00000040  RWIX
  INFOB                 00001080   00000040  00000000  00000040  RWIX
  INFOA                 000010c0   00000040  00000000  00000040  RWIX
  FLASH                 0000e000   00001fde  00001794  0000084a  RWIX
  BSLSIGNATURE          0000ffde   00000002  00000002  00000000  RWIX  ffff 
  INT00                 0000ffe0   00000002  00000000  00000002  RWIX
  INT01                 0000ffe2   00000002  00000000  00000002  RWIX
  INT02                 0000ffe4   00000002  00000002  00000000  RWIX
  INT03                 0000ffe6   00000002  00000002  00000000  RWIX
  INT04                 0000ffe8   00000002  00000000  00000002  RWIX
  INT05                 0000ffea   00000002  00000002  00000000  RWIX
  INT06                 0000ffec   00000002  00000002  00000000  RWIX
  INT07                 0000ffee   00000002  00000002  00000000  RWIX
  INT08                 0000fff0   00000002  00000002  00000000  RWIX
  INT09                 0000fff2   00000002  00000002  00000000  RWIX
  INT10                 0000fff4   00000002  00000002  00000000  RWIX
  INT11                 0000fff6   00000002  00000002  00000000  RWIX
  INT12                 0000fff8   00000002  00000002  00000000  RWIX
  INT13                 0000fffa   00000002  00000002  00000000  RWIX
  INT14                 0000fffc   00000002  00000002  00000000  RWIX
  RESET                 0000fffe   00000002  00000002  00000000  RWIX


SECTION ALLOCATION MAP

 output                                  attributes/
section   page    origin      length       input sections
--------  ----  ----------  ----------   ----------------
.bss       0    00000200    00000004     UNINITIALIZED
                  00000200    00000004     (.common:meu_relogio)

.data      0    00000204    00000003     UNINITIALIZED
                  00000204    00000002     rts430_eabi.lib : errno.c.obj (.data)
                  00000206    00000001     relogio.obj (.data)

.stack     0    000003b0    00000050     UNINITIALIZED
                  000003b0    00000002     rts430_eabi.lib : boot.c.obj (.stack)
                  000003b2    0000004e     --HOLE--

.text      0    0000e000    0000163a     
                  0000e000    00000360     rts430_eabi.lib : div64u.c.obj (.text:__mspabi_divull)
                  0000e360    0000027a                     : _printfi_nf.c.obj (.text:__TI_printfi_nofloat)
                  0000e5da    00000210     main.obj (.text:main)
                  0000e7ea    00000206     rts430_eabi.lib : _printfi_nf.c.obj (.text:_setfield)
                  0000e9f0    000001ec                     : _printfi_nf.c.obj (.text:_getarg_diouxp)
                  0000ebdc    0000014c                     : _printfi_nf.c.obj (.text:_pproc_diouxp)
                  0000ed28    0000012e                     : _printfi_nf.c.obj (.text:_ltostr)
                  0000ee56    000000e0                     : _printfi_nf.c.obj (.text:_pproc_fwp)
                  0000ef36    000000c4                     : _printfi_nf.c.obj (.text:_pproc_wstr)
                  0000effa    000000ac                     : _printfi_nf.c.obj (.text:_pproc_str)
                  0000f0a6    000000a6     lcd.obj (.text:lcd_send_data)
                  0000f14c    0000007c     rts430_eabi.lib : copy_decompress_lzss.c.obj (.text:decompress:lzss:__TI_decompress_lzss)
                  0000f1c8    00000070     relogio.obj (.text:TIMER0_A0_ISR)
                  0000f238    00000058     rts430_eabi.lib : div32u.asm.obj (.text)
                  0000f290    00000056                     : snprintf.c.obj (.text:snprintf)
                  0000f2e6    00000052                     : atoi.c.obj (.text:atoi)
                  0000f338    0000004c                     : lsr16.asm.obj (.text)
                  0000f384    00000046                     : lsr64.c.obj (.text:__mspabi_srlll)
                  0000f3ca    00000044                     : lsl64.c.obj (.text:__mspabi_sllll)
                  0000f40e    00000042                     : autoinit.c.obj (.text:__TI_auto_init_nobinit_nopinit:__TI_auto_init_nobinit_nopinit)
                  0000f450    0000003c     relogio.obj (.text:watchdog_timer)
                  0000f48c    00000036     rts430_eabi.lib : snprintf.c.obj (.text:_outs$3)
                  0000f4c2    0000002c                     : asr16.asm.obj (.text)
                  0000f4ee    0000002c                     : lsl16.asm.obj (.text)
                  0000f51a    0000001e                     : snprintf.c.obj (.text:_outc$3)
                  0000f538    0000001c                     : boot.c.obj (.text:_c_int00_noargs)
                  0000f554    0000001a                     : memccpy.c.obj (.text:memccpy)
                  0000f56e    00000016                     : div16u.asm.obj (.text)
                  0000f584    00000014                     : copy_zero_init.c.obj (.text:decompress:ZI:__TI_zero_init_nomemset:__TI_zero_init_nomemset)
                  0000f598    00000014                     : memset.c.obj (.text:memset)
                  0000f5ac    00000014                     : mult16.asm.obj (.text)
                  0000f5c0    00000014                     : wcslen.c.obj (.text:wcslen)
                  0000f5d4    00000012                     : copy_decompress_none.c.obj (.text:decompress:none:__TI_decompress_none)
                  0000f5e6    00000012                     : lsr32.asm.obj (.text:l_lsr)
                  0000f5f8    00000010                     : memcpy.c.obj (.text:memcpy)
                  0000f608    00000010                     : epilog.asm.obj (.text)
                  0000f618    0000000e                     : strlen.c.obj (.text:strlen)
                  0000f626    00000008                     : isr_trap.asm.obj (.text:_isr:__TI_ISR_TRAP)
                  0000f62e    00000006                     : exit.c.obj (.text:abort)
                  0000f634    00000004                     : pre_init.c.obj (.text:_system_pre_init)
                  0000f638    00000002                     : startup.c.obj (.text:_system_post_cinit)

.const     0    0000f63a    00000140     
                  0000f63a    00000101     rts430_eabi.lib : ctype.c.obj (.const:.string:_ctypes_)
                  0000f73b    00000001     --HOLE-- [fill = 0]
                  0000f73c    00000026                     : _printfi_nf.c.obj (.const:.string)
                  0000f762    00000018     <whole-program> (.const:.string)

.cinit     0    0000f77a    0000001a     
                  0000f77a    00000007     (.cinit..data.load) [load image]
                  0000f781    00000001     --HOLE-- [fill = 0]
                  0000f782    00000006     (__TI_handler_table)
                  0000f788    00000004     (.cinit..bss.load) [load image, compression = zero_init]
                  0000f78c    00000008     (__TI_cinit_table)

.binit     0    0000e000    00000000     

.init_array 
*          0    0000e000    00000000     UNINITIALIZED

PORT1      0    0000ffe4    00000002     
                  0000ffe4    00000002     rts430_eabi.lib : int02.asm.obj (.int02)

PORT2      0    0000ffe6    00000002     
                  0000ffe6    00000002     rts430_eabi.lib : int03.asm.obj (.int03)

ADC10      0    0000ffea    00000002     
                  0000ffea    00000002     rts430_eabi.lib : int05.asm.obj (.int05)

USCIAB0TX 
*          0    0000ffec    00000002     
                  0000ffec    00000002     rts430_eabi.lib : int06.asm.obj (.int06)

USCIAB0RX 
*          0    0000ffee    00000002     
                  0000ffee    00000002     rts430_eabi.lib : int07.asm.obj (.int07)

TIMER0_A1 
*          0    0000fff0    00000002     
                  0000fff0    00000002     rts430_eabi.lib : int08.asm.obj (.int08)

TIMER0_A0 
*          0    0000fff2    00000002     
                  0000fff2    00000002     <whole-program> (.int09)

WDT        0    0000fff4    00000002     
                  0000fff4    00000002     <whole-program> (.int10)

COMPARATORA 
*          0    0000fff6    00000002     
                  0000fff6    00000002     rts430_eabi.lib : int11.asm.obj (.int11)

TIMER1_A1 
*          0    0000fff8    00000002     
                  0000fff8    00000002     rts430_eabi.lib : int12.asm.obj (.int12)

TIMER1_A0 
*          0    0000fffa    00000002     
                  0000fffa    00000002     rts430_eabi.lib : int13.asm.obj (.int13)

NMI        0    0000fffc    00000002     
                  0000fffc    00000002     rts430_eabi.lib : int14.asm.obj (.int14)

.reset     0    0000fffe    00000002     
                  0000fffe    00000002     rts430_eabi.lib : boot.c.obj (.reset)

$fill000   0    0000ffde    00000002     
                  0000ffde    00000002     --HOLE-- [fill = ffff]

MODULE SUMMARY

       Module                                   code   ro data   rw data
       ------                                   ----   -------   -------
    .\
       main.obj                                 528    0         0      
       relogio.obj                              172    0         1      
       lcd.obj                                  166    0         0      
    +--+----------------------------------------+------+---------+---------+
       Total:                                   866    0         1      
                                                                        
    C:\Users\Jonas\AppData\Local\Temp\
       {60613A08-4338-492A-90DC-10024D488599}   0      28        4      
    +--+----------------------------------------+------+---------+---------+
       Total:                                   0      28        4      
                                                                        
    C:\Development\CCS930\ccs\tools\compiler\ti-cgt-msp430_18.12.4.LTS\lib\rts430_eabi.lib
       _printfi_nf.c.obj                        2870   38        0      
       div64u.c.obj                             864    0         0      
       ctype.c.obj                              0      257       0      
       snprintf.c.obj                           170    0         0      
       copy_decompress_lzss.c.obj               124    0         0      
       div32u.asm.obj                           88     0         0      
       atoi.c.obj                               82     0         0      
       lsr16.asm.obj                            76     0         0      
       lsr64.c.obj                              70     0         0      
       lsl64.c.obj                              68     0         0      
       autoinit.c.obj                           66     0         0      
       asr16.asm.obj                            44     0         0      
       lsl16.asm.obj                            44     0         0      
       boot.c.obj                               28     2         0      
       memccpy.c.obj                            26     0         0      
       div16u.asm.obj                           22     0         0      
       copy_zero_init.c.obj                     20     0         0      
       memset.c.obj                             20     0         0      
       mult16.asm.obj                           20     0         0      
       wcslen.c.obj                             20     0         0      
       copy_decompress_none.c.obj               18     0         0      
       lsr32.asm.obj                            18     0         0      
       epilog.asm.obj                           16     0         0      
       memcpy.c.obj                             16     0         0      
       strlen.c.obj                             14     0         0      
       isr_trap.asm.obj                         8      0         0      
       exit.c.obj                               6      0         0      
       pre_init.c.obj                           4      0         0      
       errno.c.obj                              0      0         2      
       int02.asm.obj                            0      2         0      
       int03.asm.obj                            0      2         0      
       int05.asm.obj                            0      2         0      
       int06.asm.obj                            0      2         0      
       int07.asm.obj                            0      2         0      
       int08.asm.obj                            0      2         0      
       int11.asm.obj                            0      2         0      
       int12.asm.obj                            0      2         0      
       int13.asm.obj                            0      2         0      
       int14.asm.obj                            0      2         0      
       startup.c.obj                            2      0         0      
    +--+----------------------------------------+------+---------+---------+
       Total:                                   4824   317       2      
                                                                        
       Stack:                                   0      0         80     
       Linker Generated:                        0      25        0      
    +--+----------------------------------------+------+---------+---------+
       Grand Total:                             5690   370       87     


LINKER GENERATED COPY TABLES

__TI_cinit_table @ 0000f78c records: 2, size/record: 4, table size: 8
	.data: load addr=0000f77a, load size=00000007 bytes, run addr=00000204, run size=00000003 bytes, compression=copy
	.bss: load addr=0000f788, load size=00000004 bytes, run addr=00000200, run size=00000004 bytes, compression=zero_init


LINKER GENERATED HANDLER TABLE

__TI_handler_table @ 0000f782 records: 3, size/record: 2, table size: 6
	index: 0, handler: __TI_zero_init
	index: 1, handler: __TI_decompress_lzss
	index: 2, handler: __TI_decompress_none


GLOBAL SYMBOLS: SORTED ALPHABETICALLY BY Name 

address   name                          
-------   ----                          
0000004a  ADC10AE0                      
0000004b  ADC10AE1                      
000001b0  ADC10CTL0                     
000001b2  ADC10CTL1                     
00000048  ADC10DTC0                     
00000049  ADC10DTC1                     
000001b4  ADC10MEM                      
000001bc  ADC10SA                       
00000057  BCSCTL1                       
00000058  BCSCTL2                       
00000053  BCSCTL3                       
0000f62e  C$$EXIT                       
00000059  CACTL1                        
0000005a  CACTL2                        
000010fb  CALBC1_12MHZ                  
000010f9  CALBC1_16MHZ                  
000010ff  CALBC1_1MHZ                   
000010fd  CALBC1_8MHZ                   
000010fa  CALDCO_12MHZ                  
000010f8  CALDCO_16MHZ                  
000010fe  CALDCO_1MHZ                   
000010fc  CALDCO_8MHZ                   
0000005b  CAPD                          
00000056  DCOCTL                        
00000128  FCTL1                         
0000012a  FCTL2                         
0000012c  FCTL3                         
00000000  IE1                           
00000001  IE2                           
00000002  IFG1                          
00000003  IFG2                          
00000022  P1DIR                         
00000025  P1IE                          
00000024  P1IES                         
00000023  P1IFG                         
00000020  P1IN                          
00000021  P1OUT                         
00000027  P1REN                         
00000026  P1SEL                         
00000041  P1SEL2                        
0000002a  P2DIR                         
0000002d  P2IE                          
0000002c  P2IES                         
0000002b  P2IFG                         
00000028  P2IN                          
00000029  P2OUT                         
0000002f  P2REN                         
0000002e  P2SEL                         
00000042  P2SEL2                        
0000001a  P3DIR                         
00000018  P3IN                          
00000019  P3OUT                         
00000010  P3REN                         
0000001b  P3SEL                         
00000172  TA0CCR0                       
00000174  TA0CCR1                       
00000176  TA0CCR2                       
00000162  TA0CCTL0                      
00000164  TA0CCTL1                      
00000166  TA0CCTL2                      
00000160  TA0CTL                        
0000012e  TA0IV                         
00000170  TA0R                          
00000192  TA1CCR0                       
00000194  TA1CCR1                       
00000182  TA1CCTL0                      
00000184  TA1CCTL1                      
00000180  TA1CTL                        
0000011e  TA1IV                         
00000190  TA1R                          
0000f1c8  TIMER0_A0_ISR                 
000010db  TLV_ADC10_1_LEN               
000010da  TLV_ADC10_1_TAG               
000010c0  TLV_CHECKSUM                  
000010f7  TLV_DCO_30_LEN                
000010f6  TLV_DCO_30_TAG                
0000005d  UCA0ABCTL                     
00000062  UCA0BR0                       
00000063  UCA0BR1                       
00000060  UCA0CTL0                      
00000061  UCA0CTL1                      
0000005f  UCA0IRRCTL                    
0000005e  UCA0IRTCTL                    
00000064  UCA0MCTL                      
00000066  UCA0RXBUF                     
00000065  UCA0STAT                      
00000067  UCA0TXBUF                     
0000006a  UCB0BR0                       
0000006b  UCB0BR1                       
00000068  UCB0CTL0                      
00000069  UCB0CTL1                      
0000006c  UCB0I2CIE                     
00000118  UCB0I2COA                     
0000011a  UCB0I2CSA                     
0000006e  UCB0RXBUF                     
0000006d  UCB0STAT                      
0000006f  UCB0TXBUF                     
00000120  WDTCTL                        
00000400  __STACK_END                   
00000050  __STACK_SIZE                  
0000f78c  __TI_CINIT_Base               
0000f794  __TI_CINIT_Limit              
0000f782  __TI_Handler_Table_Base       
0000f788  __TI_Handler_Table_Limit      
0000f626  __TI_ISR_TRAP                 
0000f40e  __TI_auto_init_nobinit_nopinit
0000f14c  __TI_decompress_lzss          
0000f5d4  __TI_decompress_none          
0000ffe4  __TI_int02                    
0000ffe6  __TI_int03                    
0000ffea  __TI_int05                    
0000ffec  __TI_int06                    
0000ffee  __TI_int07                    
0000fff0  __TI_int08                    
0000fff2  __TI_int09                    
0000fff4  __TI_int10                    
0000fff6  __TI_int11                    
0000fff8  __TI_int12                    
0000fffa  __TI_int13                    
0000fffc  __TI_int14                    
ffffffff  __TI_pprof_out_hndl           
0000e360  __TI_printfi_nofloat          
ffffffff  __TI_prof_data_size           
ffffffff  __TI_prof_data_start          
0000f584  __TI_zero_init_nomemset       
ffffffff  __c_args__                    
0000f56e  __mspabi_divu                 
0000f238  __mspabi_divul                
0000e000  __mspabi_divull               
0000f614  __mspabi_func_epilog_1        
0000f612  __mspabi_func_epilog_2        
0000f610  __mspabi_func_epilog_3        
0000f60e  __mspabi_func_epilog_4        
0000f60c  __mspabi_func_epilog_5        
0000f60a  __mspabi_func_epilog_6        
0000f608  __mspabi_func_epilog_7        
0000f5ac  __mspabi_mpyi                 
0000f5ac  __mspabi_mpyi_sw              
0000f56e  __mspabi_remu                 
0000f238  __mspabi_remul                
0000f4ee  __mspabi_slli                 
0000f516  __mspabi_slli_1               
0000f504  __mspabi_slli_10              
0000f502  __mspabi_slli_11              
0000f500  __mspabi_slli_12              
0000f4fe  __mspabi_slli_13              
0000f4fc  __mspabi_slli_14              
0000f4fa  __mspabi_slli_15              
0000f514  __mspabi_slli_2               
0000f512  __mspabi_slli_3               
0000f510  __mspabi_slli_4               
0000f50e  __mspabi_slli_5               
0000f50c  __mspabi_slli_6               
0000f50a  __mspabi_slli_7               
0000f508  __mspabi_slli_8               
0000f506  __mspabi_slli_9               
0000f3ca  __mspabi_sllll                
0000f4c2  __mspabi_srai                 
0000f4ea  __mspabi_srai_1               
0000f4d8  __mspabi_srai_10              
0000f4d6  __mspabi_srai_11              
0000f4d4  __mspabi_srai_12              
0000f4d2  __mspabi_srai_13              
0000f4d0  __mspabi_srai_14              
0000f4ce  __mspabi_srai_15              
0000f4e8  __mspabi_srai_2               
0000f4e6  __mspabi_srai_3               
0000f4e4  __mspabi_srai_4               
0000f4e2  __mspabi_srai_5               
0000f4e0  __mspabi_srai_6               
0000f4de  __mspabi_srai_7               
0000f4dc  __mspabi_srai_8               
0000f4da  __mspabi_srai_9               
0000f338  __mspabi_srli                 
0000f37e  __mspabi_srli_1               
0000f35a  __mspabi_srli_10              
0000f356  __mspabi_srli_11              
0000f352  __mspabi_srli_12              
0000f34e  __mspabi_srli_13              
0000f34a  __mspabi_srli_14              
0000f346  __mspabi_srli_15              
0000f37a  __mspabi_srli_2               
0000f376  __mspabi_srli_3               
0000f372  __mspabi_srli_4               
0000f36e  __mspabi_srli_5               
0000f36a  __mspabi_srli_6               
0000f366  __mspabi_srli_7               
0000f362  __mspabi_srli_8               
0000f35e  __mspabi_srli_9               
0000f5e6  __mspabi_srll                 
0000f384  __mspabi_srlll                
0000f538  _c_int00_noargs               
0000f63a  _ctypes_                      
0000fffe  _reset_vector                 
000003b0  _stack                        
0000f638  _system_post_cinit            
0000f634  _system_pre_init              
0000f62e  abort                         
0000f2e6  atoi                          
00000204  errno                         
0000f0a6  lcd_send_data                 
0000e5da  main                          
0000f554  memccpy                       
0000f5f8  memcpy                        
0000f598  memset                        
00000200  meu_relogio                   
0000f290  snprintf                      
0000f618  strlen                        
0000f450  watchdog_timer                
0000f5c0  wcslen                        


GLOBAL SYMBOLS: SORTED BY Symbol Address 

address   name                          
-------   ----                          
00000000  IE1                           
00000001  IE2                           
00000002  IFG1                          
00000003  IFG2                          
00000010  P3REN                         
00000018  P3IN                          
00000019  P3OUT                         
0000001a  P3DIR                         
0000001b  P3SEL                         
00000020  P1IN                          
00000021  P1OUT                         
00000022  P1DIR                         
00000023  P1IFG                         
00000024  P1IES                         
00000025  P1IE                          
00000026  P1SEL                         
00000027  P1REN                         
00000028  P2IN                          
00000029  P2OUT                         
0000002a  P2DIR                         
0000002b  P2IFG                         
0000002c  P2IES                         
0000002d  P2IE                          
0000002e  P2SEL                         
0000002f  P2REN                         
00000041  P1SEL2                        
00000042  P2SEL2                        
00000048  ADC10DTC0                     
00000049  ADC10DTC1                     
0000004a  ADC10AE0                      
0000004b  ADC10AE1                      
00000050  __STACK_SIZE                  
00000053  BCSCTL3                       
00000056  DCOCTL                        
00000057  BCSCTL1                       
00000058  BCSCTL2                       
00000059  CACTL1                        
0000005a  CACTL2                        
0000005b  CAPD                          
0000005d  UCA0ABCTL                     
0000005e  UCA0IRTCTL                    
0000005f  UCA0IRRCTL                    
00000060  UCA0CTL0                      
00000061  UCA0CTL1                      
00000062  UCA0BR0                       
00000063  UCA0BR1                       
00000064  UCA0MCTL                      
00000065  UCA0STAT                      
00000066  UCA0RXBUF                     
00000067  UCA0TXBUF                     
00000068  UCB0CTL0                      
00000069  UCB0CTL1                      
0000006a  UCB0BR0                       
0000006b  UCB0BR1                       
0000006c  UCB0I2CIE                     
0000006d  UCB0STAT                      
0000006e  UCB0RXBUF                     
0000006f  UCB0TXBUF                     
00000118  UCB0I2COA                     
0000011a  UCB0I2CSA                     
0000011e  TA1IV                         
00000120  WDTCTL                        
00000128  FCTL1                         
0000012a  FCTL2                         
0000012c  FCTL3                         
0000012e  TA0IV                         
00000160  TA0CTL                        
00000162  TA0CCTL0                      
00000164  TA0CCTL1                      
00000166  TA0CCTL2                      
00000170  TA0R                          
00000172  TA0CCR0                       
00000174  TA0CCR1                       
00000176  TA0CCR2                       
00000180  TA1CTL                        
00000182  TA1CCTL0                      
00000184  TA1CCTL1                      
00000190  TA1R                          
00000192  TA1CCR0                       
00000194  TA1CCR1                       
000001b0  ADC10CTL0                     
000001b2  ADC10CTL1                     
000001b4  ADC10MEM                      
000001bc  ADC10SA                       
00000200  meu_relogio                   
00000204  errno                         
000003b0  _stack                        
00000400  __STACK_END                   
000010c0  TLV_CHECKSUM                  
000010da  TLV_ADC10_1_TAG               
000010db  TLV_ADC10_1_LEN               
000010f6  TLV_DCO_30_TAG                
000010f7  TLV_DCO_30_LEN                
000010f8  CALDCO_16MHZ                  
000010f9  CALBC1_16MHZ                  
000010fa  CALDCO_12MHZ                  
000010fb  CALBC1_12MHZ                  
000010fc  CALDCO_8MHZ                   
000010fd  CALBC1_8MHZ                   
000010fe  CALDCO_1MHZ                   
000010ff  CALBC1_1MHZ                   
0000e000  __mspabi_divull               
0000e360  __TI_printfi_nofloat          
0000e5da  main                          
0000f0a6  lcd_send_data                 
0000f14c  __TI_decompress_lzss          
0000f1c8  TIMER0_A0_ISR                 
0000f238  __mspabi_divul                
0000f238  __mspabi_remul                
0000f290  snprintf                      
0000f2e6  atoi                          
0000f338  __mspabi_srli                 
0000f346  __mspabi_srli_15              
0000f34a  __mspabi_srli_14              
0000f34e  __mspabi_srli_13              
0000f352  __mspabi_srli_12              
0000f356  __mspabi_srli_11              
0000f35a  __mspabi_srli_10              
0000f35e  __mspabi_srli_9               
0000f362  __mspabi_srli_8               
0000f366  __mspabi_srli_7               
0000f36a  __mspabi_srli_6               
0000f36e  __mspabi_srli_5               
0000f372  __mspabi_srli_4               
0000f376  __mspabi_srli_3               
0000f37a  __mspabi_srli_2               
0000f37e  __mspabi_srli_1               
0000f384  __mspabi_srlll                
0000f3ca  __mspabi_sllll                
0000f40e  __TI_auto_init_nobinit_nopinit
0000f450  watchdog_timer                
0000f4c2  __mspabi_srai                 
0000f4ce  __mspabi_srai_15              
0000f4d0  __mspabi_srai_14              
0000f4d2  __mspabi_srai_13              
0000f4d4  __mspabi_srai_12              
0000f4d6  __mspabi_srai_11              
0000f4d8  __mspabi_srai_10              
0000f4da  __mspabi_srai_9               
0000f4dc  __mspabi_srai_8               
0000f4de  __mspabi_srai_7               
0000f4e0  __mspabi_srai_6               
0000f4e2  __mspabi_srai_5               
0000f4e4  __mspabi_srai_4               
0000f4e6  __mspabi_srai_3               
0000f4e8  __mspabi_srai_2               
0000f4ea  __mspabi_srai_1               
0000f4ee  __mspabi_slli                 
0000f4fa  __mspabi_slli_15              
0000f4fc  __mspabi_slli_14              
0000f4fe  __mspabi_slli_13              
0000f500  __mspabi_slli_12              
0000f502  __mspabi_slli_11              
0000f504  __mspabi_slli_10              
0000f506  __mspabi_slli_9               
0000f508  __mspabi_slli_8               
0000f50a  __mspabi_slli_7               
0000f50c  __mspabi_slli_6               
0000f50e  __mspabi_slli_5               
0000f510  __mspabi_slli_4               
0000f512  __mspabi_slli_3               
0000f514  __mspabi_slli_2               
0000f516  __mspabi_slli_1               
0000f538  _c_int00_noargs               
0000f554  memccpy                       
0000f56e  __mspabi_divu                 
0000f56e  __mspabi_remu                 
0000f584  __TI_zero_init_nomemset       
0000f598  memset                        
0000f5ac  __mspabi_mpyi                 
0000f5ac  __mspabi_mpyi_sw              
0000f5c0  wcslen                        
0000f5d4  __TI_decompress_none          
0000f5e6  __mspabi_srll                 
0000f5f8  memcpy                        
0000f608  __mspabi_func_epilog_7        
0000f60a  __mspabi_func_epilog_6        
0000f60c  __mspabi_func_epilog_5        
0000f60e  __mspabi_func_epilog_4        
0000f610  __mspabi_func_epilog_3        
0000f612  __mspabi_func_epilog_2        
0000f614  __mspabi_func_epilog_1        
0000f618  strlen                        
0000f626  __TI_ISR_TRAP                 
0000f62e  C$$EXIT                       
0000f62e  abort                         
0000f634  _system_pre_init              
0000f638  _system_post_cinit            
0000f63a  _ctypes_                      
0000f782  __TI_Handler_Table_Base       
0000f788  __TI_Handler_Table_Limit      
0000f78c  __TI_CINIT_Base               
0000f794  __TI_CINIT_Limit              
0000ffe4  __TI_int02                    
0000ffe6  __TI_int03                    
0000ffea  __TI_int05                    
0000ffec  __TI_int06                    
0000ffee  __TI_int07                    
0000fff0  __TI_int08                    
0000fff2  __TI_int09                    
0000fff4  __TI_int10                    
0000fff6  __TI_int11                    
0000fff8  __TI_int12                    
0000fffa  __TI_int13                    
0000fffc  __TI_int14                    
0000fffe  _reset_vector                 
ffffffff  __TI_pprof_out_hndl           
ffffffff  __TI_prof_data_size           
ffffffff  __TI_prof_data_start          
ffffffff  __c_args__                    

[210 symbols]
